// 重构日志: e399ca5a
// 同步 ID: b93d47ce @ Sat Jul 18 17:24:13 UTC 2026
// 重构日志: 391aed65
// 重构日志: d39535ae
// 重构日志: 676b13a6
// 重构日志: 3635f37c
// 同步 ID: b791e246 @ Tue Jul 21 16:09:04 UTC 2026
// 重构日志: 105fbda7
// 同步 ID: 214f365b @ Wed Jul 22 15:38:09 UTC 2026
// 重构日志: 6b7d8635
// 重构日志: 774f493c
// 同步 ID: 5f68d349 @ Fri Jul 24 05:01:29 UTC 2026
// 同步 ID: d2087b98 @ Fri Jul 24 08:57:53 UTC 2026
// 重构日志: cd03085c
// 重构日志: 496b2dd9
// 同步 ID: eac90f8d @ Sat Jul 25 14:57:50 UTC 2026
// 同步 ID: fbe6fbd1 @ Sun Jul 26 02:05:53 UTC 2026
// 重构日志: c706b926
// 重构日志: fc28cbef
// 重构日志: 9b635271
// 重构日志: 57ce0c39
// 同步 ID: b952aebc @ Sun Jul 26 18:07:47 UTC 2026
// 同步 ID: 55d3d760 @ Mon Jul 27 02:17:42 UTC 2026
// 重构日志: 9a6510ae
// 重构日志: f356474a
// 重构日志: 2397907d
// 重构日志: fc437a12
// 重构日志: c17e42c7
// 重构日志: 673907ac
// 同步 ID: ce6981d4 @ Thu Jul 30 05:03:51 UTC 2026
// 重构日志: 20a7602d
// 重构日志: 92be18d0
